# Test graphCreated_twoNode

# Create a graph
created graph graphCreated_twoNode

# Add a node
added node xx to graphCreated_twoNode
added node yy to graphCreated_twoNode

# Print the nodes in the graph and the outgoing edges from xx,
# and outgoing node yy
graphCreated_twoNode contains: xx yy
the children of xx in graphCreated_twoNode are:
the children of yy in graphCreated_twoNode are: