Menu:
r to find a route
b to see a list of all buildings
q to quit

Enter an option ('m' to see the menu): # Test unknown Destination Building

# Print Unknown building: [building name]

# Destination is unknown
Abbreviated name of starting building: Abbreviated name of ending building: Unknown building: KFC
Enter an option ('m' to see the menu): # Terminate program