# Test BFS with an two nodes file

#Load graph
loaded graph nodetwo

# check graph load
nodetwo contains: 3-D MAN/CHARLES CHAN HUMAN ROBOT
the children of 3-D MAN/CHARLES CHAN in nodetwo are:
the children of HUMAN ROBOT in nodetwo are:

# Test BFS
path from 3-D MAN/CHARLES CHAN to 3-D MAN/CHARLES CHAN:
path from 3-D MAN/CHARLES CHAN to HUMAN ROBOT:
no path found
path from HUMAN ROBOT to 3-D MAN/CHARLES CHAN:
no path found
